// Jest Snapshot v1, https://goo.gl/fbAQLP

exports[`snapshot match 1`] = `
GraphNode {
  "attributes": Object {
    "key": "val",
  },
  "identifier": "foo",
  "removeAttribute": [Function],
}
`;
