// Jest Snapshot v1, https://goo.gl/fbAQLP

exports[`Marix get adjacentGraphMatrix 1`] = `
Array [
  Array [
    0,
    1,
  ],
  Array [
    1,
    0,
  ],
]
`;
