// Jest Snapshot v1, https://goo.gl/fbAQLP

exports[`Marix get matrix 1`] = `
Array [
  Array [
    0,
    0,
  ],
  Array [
    0,
    0,
  ],
]
`;
